[predictor] generating 400+40 training episodes ...
[predictor] data ready in 173s  X=(400, 1000, 48)
[predictor] epoch  1/15 train 0.5185 val 0.3328 acc_now 0.9055 bal_acc 0.5000 ttn_mae 48.93  (252s)
[predictor] epoch  2/15 train 0.4562 val 0.3303 acc_now 0.9055 bal_acc 0.5000 ttn_mae 48.93  (398s)
[predictor] epoch  3/15 train 0.4535 val 0.3332 acc_now 0.9055 bal_acc 0.5000 ttn_mae 48.93  (453s)
[predictor] data ready in 0s  X=(400, 1000, 48)
[predictor] epoch  1/12 train 0.5471 val 0.3188 acc_now 0.9055 bal_acc 0.5000 ttn_mae 48.93  (85s)
[predictor] epoch  2/12 train 0.4543 val 0.3402 acc_now 0.9055 bal_acc 0.5000 ttn_mae 48.93  (187s)
[predictor] epoch  3/12 train 0.4324 val 0.3178 acc_now 0.9050 bal_acc 0.5032 ttn_mae 48.58  (280s)
[predictor] data ready in 0s  X=(400, 1000, 48)
[predictor] epoch  1/12 train 0.4046 val 0.2895 acc_now 0.9114 bal_acc 0.6971 ttn_mae 39.10  (97s)
[predictor] epoch  2/12 train 0.3782 val 0.2732 acc_now 0.9147 bal_acc 0.6745 ttn_mae 40.78  (192s)
[predictor] epoch  3/12 train 0.3542 val 0.2606 acc_now 0.9119 bal_acc 0.6847 ttn_mae 39.71  (289s)
[predictor] epoch  4/12 train 0.3458 val 0.2551 acc_now 0.9133 bal_acc 0.6661 ttn_mae 40.70  (389s)
[predictor] epoch  5/12 train 0.3389 val 0.2507 acc_now 0.9153 bal_acc 0.6412 ttn_mae 42.23  (455s)
[predictor] epoch  6/12 train 0.3346 val 0.2547 acc_now 0.9119 bal_acc 0.6586 ttn_mae 40.62  (494s)
[predictor] epoch  7/12 train 0.3280 val 0.2517 acc_now 0.9147 bal_acc 0.6554 ttn_mae 41.18  (581s)
[predictor] epoch  8/12 train 0.3189 val 0.2531 acc_now 0.9129 bal_acc 0.6519 ttn_mae 40.85  (664s)
[predictor] epoch  9/12 train 0.3149 val 0.2564 acc_now 0.9116 bal_acc 0.6609 ttn_mae 40.18  (728s)
[predictor] epoch 10/12 train 0.3128 val 0.2556 acc_now 0.9117 bal_acc 0.6620 ttn_mae 40.20  (792s)
[predictor] epoch 11/12 train 0.3088 val 0.2548 acc_now 0.9116 bal_acc 0.6597 ttn_mae 40.37  (848s)
[predictor] epoch 12/12 train 0.3088 val 0.2548 acc_now 0.9118 bal_acc 0.6607 ttn_mae 40.32  (887s)
[predictor] saved -> C:\Users\RISHABH\Desktop\SIH_EW\models\predictor.pt
{"val_loss": 0.25482526421546936, "acc_now": 0.9117671847343445, "balanced_acc_now": 0.6607127819745748, "ttn_mae": 40.323326110839844, "epoch": 12, "train_loss": 0.30882934292157493}
